// Jest Snapshot v1, https://goo.gl/fbAQLP

exports[`creates a derived atom from multiple atoms 1`] = `
Object {
  "get": 8,
  "getSerialized": "8",
  "self": Object {
    "focus": [Function],
    "map": [Function],
    "set": [Function],
    "subscribe": [Function],
    "update": [Function],
    "value": 8,
    "watch": [Function],
    Symbol(): Object {
      "evaluate": [Function],
      "get": [Function],
      "listeners": Set {},
      "set": [Function],
      "subscribe": [Function],
      "usable": undefined,
    },
  },
  "selfSerialized": "{\\"value\\":8}",
  "use": undefined,
}
`;

exports[`creates a derived atom using the same atom 1`] = `
Object {
  "get": 8,
  "getSerialized": "8",
  "self": Object {
    "focus": [Function],
    "map": [Function],
    "set": [Function],
    "subscribe": [Function],
    "update": [Function],
    "value": 8,
    "watch": [Function],
    Symbol(): Object {
      "evaluate": [Function],
      "get": [Function],
      "listeners": Set {},
      "set": [Function],
      "subscribe": [Function],
      "usable": undefined,
    },
  },
  "selfSerialized": "{\\"value\\":8}",
  "use": undefined,
}
`;

exports[`creates a derived atom using the same atom using selectors 1`] = `
Object {
  "get": 8,
  "getSerialized": "8",
  "self": Object {
    "focus": [Function],
    "map": [Function],
    "set": [Function],
    "subscribe": [Function],
    "update": [Function],
    "value": 8,
    "watch": [Function],
    Symbol(): Object {
      "evaluate": [Function],
      "get": [Function],
      "listeners": Set {},
      "set": [Function],
      "subscribe": [Function],
      "usable": undefined,
    },
  },
  "selfSerialized": "{\\"value\\":8}",
  "use": undefined,
}
`;
