// Jest Snapshot v1, https://goo.gl/fbAQLP

exports[`lazily evaluates a state initializer function 1`] = `
Object {
  "get": 5,
  "getSerialized": "5",
  "self": [Function],
  "selfSerialized": undefined,
  "use": undefined,
}
`;
